\set ECHO none
SELECT create_user('alice') AS user_id;
 user_id 
---------
       1
(1 row)

SELECT create_user('alice');
ERROR:  duplicate key value violates unique constraint "users_username_key"
SELECT create_user(NULL);
ERROR:  username cannot be empty
SELECT create_user('');
ERROR:  username cannot be empty
ALTER SEQUENCE users_id_seq RESTART WITH 2;
