-- simple regression test
SELECT 1 AS one;
 one 
-----
   1
(1 row)

